Rendered BhsSupportEnvironmentStoryEn 1/104
Rendered BhsSupportEnvironmentStoryFil 2/104
Rendered RolesHepoStoryHil 3/104
Rendered ServiceProviderStoryCeb 4/104
Rendered ServiceProviderStoryHil 5/104
Rendered RolesHepoStoryCeb 6/104
Rendered CommunityOrganizerStoryCeb 7/104
Rendered CommunityOrganizerStoryHil 8/104
Rendered HealthEducatorStoryCeb 9/104
Rendered HandrubStepsFil 10/104
Rendered HandrubStepsEn 11/104
Rendered HealthEducatorStoryHil 12/104
Rendered RolesHepoStoryEn 13/104
Rendered RolesHepoStoryFil 14/104
Rendered HealthEducatorStoryFil 15/104
Rendered HealthEducatorStoryEn 16/104
Rendered CommunityOrganizerStoryFil 17/104
Rendered CommunityOrganizerStoryEn 18/104
Rendered ServiceProviderStoryEn 19/104
Rendered RecordsStoryFil 20/104
Rendered ServiceProviderStoryFil 21/104
Rendered RecordsStoryEn 22/104
Rendered RecordsStoryHil 23/104
Rendered RecordsStoryCeb 24/104
Rendered UhcPurposeStoryFil 25/104
Rendered UhcPurposeStoryEn 26/104
Rendered UhcPurposeStoryCeb 27/104
Rendered UhcPurposeStoryHil 28/104
Rendered PrimaryCareStoryFil 29/104
Rendered PrimaryCareStoryEn 30/104
Rendered PrimaryCareStoryCeb 31/104
Rendered PrimaryCareStoryHil 32/104
Rendered RolesApplicationStoryFil 33/104
Rendered RolesApplicationStoryEn 34/104
Rendered RolesApplicationStoryCeb 35/104
Rendered RolesApplicationStoryHil 36/104
Rendered LocalSystemStoryFil 37/104
Rendered LocalSystemStoryEn 38/104
Rendered LocalSystemStoryCeb 39/104
Rendered LocalSystemStoryHil 40/104
Rendered BhsPromotionsStoryFil 41/104
Rendered BhsPromotionsStoryEn 42/104
Rendered UhcImprovementStoryFil 43/104
Rendered UhcImprovementStoryEn 44/104
Rendered UhcImprovementStoryCeb 45/104
Rendered BhsDeclineStoryFil 46/104
Rendered UhcImprovementStoryHil 47/104
Rendered BhsDeclineStoryEn 48/104
Rendered BhsResourcesStoryEn 49/104
Rendered BhsResourcesStoryFil 50/104
Rendered BhsImprovementStoryFil 51/104
Rendered BhsImprovementStoryEn 52/104
Rendered BhwLegalRoleStoryFil 53/104
Rendered BhwLegalRoleStoryEn 54/104
Rendered BhwBenefitsStoryEn 55/104
Rendered BhwBenefitsStoryFil 56/104
Rendered BhwEligibilityStoryFil 57/104
Rendered BhwAccreditationStoryFil 58/104
Rendered BhwEligibilityStoryEn 59/104
Rendered BhwAccreditationStoryEn 60/104
Rendered BhwFollowUpStoryFil 61/104
Rendered BhwFollowUpStoryEn 62/104
Rendered BhwRelationshipsStoryFil 63/104
Rendered BhwRelationshipsStoryEn 64/104
Rendered BhwBarangayPartnersStoryFil 65/104
Rendered BhwBarangayPartnersStoryEn 66/104
Rendered BhwLocalPartnersStoryFil 67/104
Rendered BhwLocalPartnersStoryEn 68/104
Rendered BhwTeamworkStoryFil 69/104
Rendered BhwTeamworkStoryEn 70/104
Rendered BhwRightContactStoryFil 71/104
Rendered BhwRightContactStoryEn 72/104
Rendered BhwSelfManagementStoryEn 73/104
Rendered BhwSelfManagementStoryFil 74/104
Rendered CommunicationListenStoryFil 75/104
Rendered CommunicationClarifyStoryFil 76/104
Rendered CommunicationListenStoryEn 77/104
Rendered CommunicationClarifyStoryEn 78/104
Rendered CommunicationExplainStoryEn 79/104
Rendered CommunicationExplainStoryFil 80/104
Rendered CommunicationRecordStoryFil 81/104
Rendered CommunicationRecordStoryEn 82/104
Rendered CommunicationHandoffStoryFil 83/104
Rendered CommunicationHandoffStoryEn 84/104
Rendered ProblemDefineStoryFil 85/104
Rendered ProblemDefineStoryEn 86/104
Rendered ProblemCausesStoryFil 87/104
Rendered ProblemCausesStoryEn 88/104
Rendered ProblemActionPlanStoryFil 89/104
Rendered ProblemActionPlanStoryEn 90/104
Rendered SafetyIdentifyStoryFil 91/104
Rendered SafetyIdentifyStoryEn 92/104
Rendered SafetyControlsStoryFil 93/104
Rendered SafetyControlsStoryEn 94/104
Rendered SafetyPrepareStoryFil 95/104
Rendered SafetyPrepareStoryEn 96/104
Rendered SafetyDemonstrateStoryFil 97/104
Rendered SafetyDemonstrateStoryEn 98/104
Rendered ResourcesSafeChangeStoryFil 99/104
Rendered ResourcesAuditStoryFil 100/104
Rendered ResourcesSafeChangeStoryEn 101/104
Rendered ResourcesAuditStoryEn 102/104
Rendered ResourcesMonitorStoryFil 103/104
Rendered ResourcesMonitorStoryEn 104/104
